// Jest Snapshot v1, https://goo.gl/fbAQLP

exports[`Paper Component should render 1`] = `
<div
  className="md-paper md-paper--1"
>
  <p>
    text
  </p>
</div>
`;
